2026-05-27 02:12:42 Loaded main app package /usr/lib/obsidian/obsidian.asar
2026-05-27 02:12:42 Checking for update using Github
2026-05-27 02:12:42 Success.
2026-05-27 02:12:42 Latest version is 1.12.7
2026-05-27 02:12:42 App is up to date.
2026-05-29 12:36:48 Loaded main app package /usr/lib/obsidian/obsidian.asar
2026-05-29 12:36:48 Checking for update using Github
2026-05-29 12:36:49 Success.
2026-05-29 12:36:49 Latest version is 1.12.7
2026-05-29 12:36:49 App is up to date.
2026-05-29 14:22:45 Loaded main app package /usr/lib/obsidian/obsidian.asar
2026-05-29 14:22:45 Checking for update using Github
2026-05-29 14:22:45 Success.
2026-05-29 14:22:45 Latest version is 1.12.7
2026-05-29 14:22:45 App is up to date.
2026-05-29 15:22:45 Checking for update using Github
2026-05-29 15:22:45 Success.
2026-05-29 15:22:45 Latest version is 1.12.7
2026-05-29 15:22:45 App is up to date.
2026-05-29 16:22:45 Checking for update using Github
2026-05-29 16:22:45 Success.
2026-05-29 16:22:45 Latest version is 1.12.7
2026-05-29 16:22:45 App is up to date.
2026-05-29 17:22:45 Checking for update using Github
2026-05-29 17:22:45 Success.
2026-05-29 17:22:45 Latest version is 1.12.7
2026-05-29 17:22:45 App is up to date.
2026-05-29 18:22:45 Checking for update using Github
2026-05-29 18:22:45 Success.
2026-05-29 18:22:45 Latest version is 1.12.7
2026-05-29 18:22:45 App is up to date.
2026-05-29 19:22:45 Checking for update using Github
2026-05-29 19:22:45 Success.
2026-05-29 19:22:45 Latest version is 1.12.7
2026-05-29 19:22:45 App is up to date.
2026-05-30 19:05:45 Loaded main app package /usr/lib/obsidian/obsidian.asar
2026-05-30 19:05:45 Checking for update using Github
2026-05-30 19:05:45 Success.
2026-05-30 19:05:45 Latest version is 1.12.7
2026-05-30 19:05:45 App is up to date.
2026-05-30 19:16:34 Loaded main app package /usr/lib/obsidian/obsidian.asar
2026-05-30 19:16:34 Checking for update using Github
2026-05-30 19:16:34 Success.
2026-05-30 19:16:34 Latest version is 1.12.7
2026-05-30 19:16:34 App is up to date.
2026-05-30 19:20:23 Loaded main app package /usr/lib/obsidian/obsidian.asar
2026-05-30 19:20:23 Checking for update using Github
2026-05-30 19:20:23 Success.
2026-05-30 19:20:23 Latest version is 1.12.7
2026-05-30 19:20:23 App is up to date.
2026-05-30 19:30:47 Loaded main app package /usr/lib/obsidian/obsidian.asar
2026-05-30 19:30:47 Checking for update using Github
2026-05-30 19:30:47 Success.
2026-05-30 19:30:47 Latest version is 1.12.7
2026-05-30 19:30:47 App is up to date.
2026-05-30 19:37:31 Loaded main app package /usr/lib/obsidian/obsidian.asar
2026-05-30 19:37:31 Checking for update using Github
2026-05-30 19:37:32 Success.
2026-05-30 19:37:32 Latest version is 1.12.7
2026-05-30 19:37:32 App is up to date.
2026-05-30 19:50:10 Loaded main app package /usr/lib/obsidian/obsidian.asar
2026-05-30 19:50:10 Checking for update using Github
2026-05-30 19:50:10 Success.
2026-05-30 19:50:10 Latest version is 1.12.7
2026-05-30 19:50:10 App is up to date.
2026-05-30 19:53:22 Loaded main app package /usr/lib/obsidian/obsidian.asar
2026-05-30 19:53:23 Checking for update using Github
2026-05-30 19:53:23 Success.
2026-05-30 19:53:23 Latest version is 1.12.7
2026-05-30 19:53:23 App is up to date.
2026-05-30 22:00:47 Loaded main app package /usr/lib/obsidian/obsidian.asar
2026-05-30 22:00:47 Checking for update using Github
2026-05-30 22:00:48 Success.
2026-05-30 22:00:48 Latest version is 1.12.7
2026-05-30 22:00:48 App is up to date.
2026-05-30 23:00:47 Checking for update using Github
2026-05-30 23:00:48 Success.
2026-05-30 23:00:48 Latest version is 1.12.7
2026-05-30 23:00:48 App is up to date.
2026-05-31 00:21:27 Loaded main app package /usr/lib/obsidian/obsidian.asar
2026-05-31 00:21:27 Checking for update using Github
2026-05-31 00:21:27 Success.
2026-05-31 00:21:27 Latest version is 1.12.7
2026-05-31 00:21:27 App is up to date.
2026-05-31 02:10:48 Loaded main app package /usr/lib/obsidian/obsidian.asar
2026-05-31 02:10:49 Checking for update using Github
2026-05-31 02:10:49 Success.
2026-05-31 02:10:49 Latest version is 1.12.7
2026-05-31 02:10:49 App is up to date.
2026-05-31 22:48:05 Loaded main app package /usr/lib/obsidian/obsidian.asar
2026-05-31 22:48:05 Checking for update using Github
2026-05-31 22:48:05 Success.
2026-05-31 22:48:05 Latest version is 1.12.7
2026-05-31 22:48:05 App is up to date.
2026-06-01 04:20:54 Loaded main app package /usr/lib/obsidian/obsidian.asar
2026-06-01 04:20:54 Checking for update using Github
2026-06-01 04:20:54 Success.
2026-06-01 04:20:54 Latest version is 1.12.7
2026-06-01 04:20:54 App is up to date.
2026-06-08 03:18:19 Loaded main app package /usr/lib/obsidian/obsidian.asar
2026-06-08 03:18:20 Checking for update using Github
2026-06-08 03:18:20 Success.
2026-06-08 03:18:20 Latest version is 1.12.7
2026-06-08 03:18:20 App is up to date.
2026-06-08 04:18:19 Checking for update using Github
2026-06-08 04:18:20 Success.
2026-06-08 04:18:20 Latest version is 1.12.7
2026-06-08 04:18:20 App is up to date.
2026-06-08 05:18:19 Checking for update using Github
2026-06-08 05:18:20 Success.
2026-06-08 05:18:20 Latest version is 1.12.7
2026-06-08 05:18:20 App is up to date.
2026-06-08 06:18:19 Checking for update using Github
2026-06-08 06:18:20 Success.
2026-06-08 06:18:20 Latest version is 1.12.7
2026-06-08 06:18:20 App is up to date.
2026-06-08 07:18:20 Checking for update using Github
2026-06-08 07:18:20 Success.
2026-06-08 07:18:20 Latest version is 1.12.7
2026-06-08 07:18:20 App is up to date.
2026-06-08 08:18:20 Checking for update using Github
2026-06-08 08:18:20 Success.
2026-06-08 08:18:20 Latest version is 1.12.7
2026-06-08 08:18:20 App is up to date.
2026-06-08 09:18:20 Checking for update using Github
2026-06-08 09:18:20 Success.
2026-06-08 09:18:20 Latest version is 1.12.7
2026-06-08 09:18:20 App is up to date.
2026-06-08 10:18:20 Checking for update using Github
2026-06-08 10:18:20 Success.
2026-06-08 10:18:20 Latest version is 1.12.7
2026-06-08 10:18:20 App is up to date.
2026-06-09 06:11:48 Loaded main app package /usr/lib/obsidian/obsidian.asar
2026-06-09 06:11:49 Checking for update using Github
2026-06-09 06:11:49 Success.
2026-06-09 06:11:49 Latest version is 1.12.7
2026-06-09 06:11:49 App is up to date.
2026-06-09 07:11:48 Checking for update using Github
2026-06-09 07:11:48 Success.
2026-06-09 07:11:48 Latest version is 1.12.7
2026-06-09 07:11:48 App is up to date.
2026-06-09 08:11:48 Checking for update using Github
2026-06-09 08:11:49 Success.
2026-06-09 08:11:49 Latest version is 1.12.7
2026-06-09 08:11:49 App is up to date.
2026-06-09 09:11:48 Checking for update using Github
2026-06-09 09:11:49 Success.
2026-06-09 09:11:49 Latest version is 1.12.7
2026-06-09 09:11:49 App is up to date.
2026-06-09 10:11:49 Checking for update using Github
2026-06-09 10:11:49 Success.
2026-06-09 10:11:49 Latest version is 1.12.7
2026-06-09 10:11:49 App is up to date.
2026-06-09 18:12:33 Loaded main app package /usr/lib/obsidian/obsidian.asar
2026-06-09 18:12:33 Checking for update using Github
2026-06-09 18:12:34 Success.
2026-06-09 18:12:34 Latest version is 1.12.7
2026-06-09 18:12:34 App is up to date.
2026-06-09 18:23:38 Loaded main app package /usr/lib/obsidian/obsidian.asar
2026-06-09 18:23:39 Checking for update using Github
2026-06-09 18:23:39 Success.
2026-06-09 18:23:39 Latest version is 1.12.7
2026-06-09 18:23:39 App is up to date.
2026-06-11 21:41:10 Loaded main app package /usr/lib/obsidian/obsidian.asar
2026-06-11 21:41:11 Checking for update using Github
2026-06-11 21:41:11 Success.
2026-06-11 21:41:11 Latest version is 1.12.7
2026-06-11 21:41:11 App is up to date.
2026-06-18 10:50:33 Loaded main app package /usr/lib/obsidian/obsidian.asar
2026-06-18 10:50:33 Checking for update using Github
2026-06-18 10:50:34 Success.
2026-06-18 10:50:34 Latest version is 1.12.7
2026-06-18 10:50:34 App is up to date.
2026-06-18 10:55:09 Loaded main app package /usr/lib/obsidian/obsidian.asar
2026-06-18 10:55:09 Checking for update using Github
2026-06-18 10:55:09 Success.
2026-06-18 10:55:09 Latest version is 1.12.7
2026-06-18 10:55:09 App is up to date.
2026-06-18 11:00:07 Loaded main app package /usr/lib/obsidian/obsidian.asar
2026-06-18 11:00:07 Checking for update using Github
2026-06-18 11:00:08 Success.
2026-06-18 11:00:08 Latest version is 1.12.7
2026-06-18 11:00:08 App is up to date.
2026-06-19 04:00:42 Loaded main app package /usr/lib/obsidian/obsidian.asar
2026-06-19 04:00:43 Checking for update using Github
2026-06-19 04:00:43 Success.
2026-06-19 04:00:43 Latest version is 1.12.7
2026-06-19 04:00:43 App is up to date.
2026-06-19 19:16:07 Loaded main app package /usr/lib/obsidian/obsidian.asar
2026-06-19 19:16:07 Checking for update using Github
2026-06-19 19:16:07 Success.
2026-06-19 19:16:07 Latest version is 1.12.7
2026-06-19 19:16:07 App is up to date.
2026-06-19 20:16:07 Checking for update using Github
2026-06-19 20:16:07 Success.
2026-06-19 20:16:07 Latest version is 1.12.7
2026-06-19 20:16:07 App is up to date.
2026-06-20 18:03:38 Loaded main app package /usr/lib/obsidian/obsidian.asar
2026-06-20 18:03:39 Checking for update using Github
2026-06-20 18:03:39 Success.
2026-06-20 18:03:39 Latest version is 1.12.7
2026-06-20 18:03:39 App is up to date.
2026-06-20 19:03:38 Checking for update using Github
2026-06-20 19:03:39 Success.
2026-06-20 19:03:39 Latest version is 1.12.7
2026-06-20 19:03:39 App is up to date.
2026-06-20 20:03:38 Checking for update using Github
2026-06-20 20:03:39 Success.
2026-06-20 20:03:39 Latest version is 1.12.7
2026-06-20 20:03:39 App is up to date.
2026-06-20 21:03:43 Checking for update using Github
2026-06-20 21:03:49 Success.
2026-06-20 21:03:49 Latest version is 1.12.7
2026-06-20 21:03:49 App is up to date.
2026-06-22 19:17:36 Loaded main app package /usr/lib/obsidian/obsidian.asar
2026-06-22 19:17:36 Checking for update using Github
2026-06-22 19:17:36 Success.
2026-06-22 19:17:36 Latest version is 1.12.7
2026-06-22 19:17:36 App is up to date.
2026-06-22 19:23:07 Loaded main app package /usr/lib/obsidian/obsidian.asar
2026-06-22 19:23:07 Checking for update using Github
2026-06-22 19:23:08 Success.
2026-06-22 19:23:08 Latest version is 1.12.7
2026-06-22 19:23:08 App is up to date.
2026-06-22 20:23:07 Checking for update using Github
2026-06-22 20:23:07 Success.
2026-06-22 20:23:07 Latest version is 1.12.7
2026-06-22 20:23:07 App is up to date.
2026-06-22 21:23:07 Checking for update using Github
2026-06-22 21:23:07 Success.
2026-06-22 21:23:07 Latest version is 1.12.7
2026-06-22 21:23:07 App is up to date.
2026-06-22 22:23:07 Checking for update using Github
2026-06-22 22:23:08 Success.
2026-06-22 22:23:08 Latest version is 1.12.7
2026-06-22 22:23:08 App is up to date.
2026-06-22 23:23:07 Checking for update using Github
2026-06-22 23:23:08 Success.
2026-06-22 23:23:08 Latest version is 1.12.7
2026-06-22 23:23:08 App is up to date.
2026-06-24 22:16:11 Loaded main app package /usr/lib/obsidian/obsidian.asar
2026-06-24 22:16:11 Checking for update using Github
2026-06-24 22:16:11 Success.
2026-06-24 22:16:11 Latest version is 1.12.7
2026-06-24 22:16:11 App is up to date.
2026-06-24 22:18:30 Loaded main app package /usr/lib/obsidian/obsidian.asar
2026-06-24 22:18:30 Checking for update using Github
2026-06-24 22:18:30 Success.
2026-06-24 22:18:30 Latest version is 1.12.7
2026-06-24 22:18:30 App is up to date.
2026-06-24 22:19:32 Loaded main app package /usr/lib/obsidian/obsidian.asar
2026-06-24 22:19:32 Checking for update using Github
2026-06-24 22:19:32 Success.
2026-06-24 22:19:32 Latest version is 1.12.7
2026-06-24 22:19:32 App is up to date.
2026-06-25 17:33:49 Loaded main app package /usr/lib/obsidian/obsidian.asar
2026-06-25 17:33:49 Checking for update using Github
2026-06-25 17:33:50 Success.
2026-06-25 17:33:50 Latest version is 1.12.7
2026-06-25 17:33:50 App is up to date.
2026-06-29 08:11:22 Loaded main app package /usr/lib/obsidian/obsidian.asar
2026-06-29 08:11:22 Checking for update using Github
2026-06-29 08:11:23 Success.
2026-06-29 08:11:23 Latest version is 1.12.7
2026-06-29 08:11:23 App is up to date.
2026-06-30 23:33:32 Loaded main app package /usr/lib/obsidian/obsidian.asar
2026-06-30 23:33:33 Checking for update using Github
2026-06-30 23:33:34 Success.
2026-06-30 23:33:34 Latest version is 1.12.7
2026-06-30 23:33:34 App is up to date.
2026-07-03 04:24:05 Loaded main app package /usr/lib/obsidian/obsidian.asar
2026-07-03 04:24:05 Checking for update using Github
2026-07-03 04:24:06 Success.
2026-07-03 04:24:06 Latest version is 1.12.7
2026-07-03 04:24:06 App is up to date.
2026-07-04 02:41:38 Loaded main app package /usr/lib/obsidian/obsidian.asar
2026-07-04 02:41:38 Checking for update using Github
2026-07-04 02:41:38 Success.
2026-07-04 02:41:38 Latest version is 1.12.7
2026-07-04 02:41:38 App is up to date.
2026-07-04 02:42:14 Loaded main app package /usr/lib/obsidian/obsidian.asar
2026-07-04 02:42:14 Checking for update using Github
2026-07-04 02:42:14 Success.
2026-07-04 02:42:14 Latest version is 1.12.7
2026-07-04 02:42:14 App is up to date.
2026-07-06 21:24:12 Loaded main app package /usr/lib/obsidian/obsidian.asar
2026-07-06 21:24:12 Checking for update using Github
2026-07-06 21:24:12 Success.
2026-07-06 21:24:12 Latest version is 1.12.7
2026-07-06 21:24:12 App is up to date.
2026-07-06 21:38:04 Loaded main app package /usr/lib/obsidian/obsidian.asar
2026-07-06 21:38:05 Checking for update using Github
2026-07-06 21:38:05 Success.
2026-07-06 21:38:05 Latest version is 1.12.7
2026-07-06 21:38:05 App is up to date.
2026-07-06 23:06:14 Loaded main app package /usr/lib/obsidian/obsidian.asar
2026-07-06 23:06:14 Checking for update using Github
2026-07-06 23:06:14 Success.
2026-07-06 23:06:14 Latest version is 1.12.7
2026-07-06 23:06:14 App is up to date.
2026-07-07 13:38:56 Loaded main app package /usr/lib/obsidian/obsidian.asar
2026-07-07 13:38:56 Checking for update using Github
2026-07-07 13:38:57 Success.
2026-07-07 13:38:57 Latest version is 1.12.7
2026-07-07 13:38:57 App is up to date.
2026-07-07 14:39:33 Checking for update using Github
2026-07-07 14:39:34 Success.
2026-07-07 14:39:34 Latest version is 1.12.7
2026-07-07 14:39:34 App is up to date.
2026-07-08 06:38:30 Loaded main app package /usr/lib/obsidian/obsidian.asar
2026-07-08 06:38:31 Checking for update using Github
2026-07-08 06:38:31 Success.
2026-07-08 06:38:31 Latest version is 1.12.7
2026-07-08 06:38:31 App is up to date.
2026-07-08 13:08:49 Loaded main app package /usr/lib/obsidian/obsidian.asar
2026-07-08 13:08:49 Checking for update using Github
2026-07-08 13:08:50 Success.
2026-07-08 13:08:50 Latest version is 1.12.7
2026-07-08 13:08:50 App is up to date.
2026-07-10 06:08:30 Loaded main app package /usr/lib/obsidian/obsidian.asar
2026-07-10 06:08:30 Checking for update using Github
2026-07-10 06:08:31 Success.
2026-07-10 06:08:31 Latest version is 1.12.7
2026-07-10 06:08:31 App is up to date.
2026-07-10 07:08:30 Checking for update using Github
2026-07-10 07:08:30 Success.
2026-07-10 07:08:30 Latest version is 1.12.7
2026-07-10 07:08:30 App is up to date.
2026-07-10 08:08:30 Checking for update using Github
2026-07-10 08:08:30 Success.
2026-07-10 08:08:30 Latest version is 1.12.7
2026-07-10 08:08:30 App is up to date.
2026-07-10 09:17:44 Checking for update using Github
2026-07-10 09:17:44 Success.
2026-07-10 09:17:44 Latest version is 1.12.7
2026-07-10 09:17:44 App is up to date.
2026-07-13 15:58:26 Loaded main app package /usr/lib/obsidian/obsidian.asar
2026-07-13 15:58:27 Checking for update using Github
2026-07-13 15:58:27 Success.
2026-07-13 15:58:27 Latest version is 1.12.7
2026-07-13 15:58:27 App is up to date.
2026-07-24 02:35:51 Loaded main app package /usr/lib/obsidian/obsidian.asar
2026-07-24 02:35:52 Checking for update using Github
2026-07-24 02:35:52 Success.
2026-07-24 02:35:52 Latest version is 1.12.7
2026-07-24 02:35:52 App is up to date.
2026-07-24 03:35:51 Checking for update using Github
2026-07-24 03:35:52 Success.
2026-07-24 03:35:52 Latest version is 1.12.7
2026-07-24 03:35:52 App is up to date.
2026-07-24 04:35:51 Checking for update using Github
2026-07-24 04:35:52 Success.
2026-07-24 04:35:52 Latest version is 1.12.7
2026-07-24 04:35:52 App is up to date.
2026-07-24 06:03:42 Checking for update using Github
2026-07-24 06:03:42 Success.
2026-07-24 06:03:42 Latest version is 1.12.7
2026-07-24 06:03:42 App is up to date.
2026-07-24 07:03:42 Checking for update using Github
2026-07-24 07:03:42 Success.
2026-07-24 07:03:42 Latest version is 1.12.7
2026-07-24 07:03:42 App is up to date.
2026-07-24 08:03:42 Checking for update using Github
2026-07-24 08:03:42 Success.
2026-07-24 08:03:42 Latest version is 1.12.7
2026-07-24 08:03:42 App is up to date.
