[2026-07-26 21:38:18.758][verbose] Chromium sandbox is enabled
[2026-07-26 21:38:18.759][info] Running version 2026.3
[2026-07-26 21:38:18.928][info] Detected locale: es-419
[2026-07-26 21:38:18.974][info] Loaded translations es/messages
[2026-07-26 21:38:18.977][info] Loaded translations es/relay-locations
[2026-07-26 21:38:19.145][info] Verified socket ownership
[2026-07-26 21:38:19.146][info] Connected to the daemon
[2026-07-26 21:38:19.389][info] Skip autoconnect because GUI setting is disabled
[2026-07-26 21:38:19.626][error] Failed to check autostart file: ENOENT: no such file or directory, access '/home/avro102/.config/autostart/mullvad-vpn.desktop'
[2026-07-26 22:38:19.152][verbose] GRPC Channel connectivity state changed to 2
[2026-07-26 23:38:19.155][verbose] GRPC Channel connectivity state changed to 2
[2026-07-27 00:38:19.157][verbose] GRPC Channel connectivity state changed to 2
[2026-07-27 01:38:19.203][verbose] GRPC Channel connectivity state changed to 2
[2026-07-27 02:38:19.248][verbose] GRPC Channel connectivity state changed to 2
[2026-07-27 03:17:55.130][verbose] GRPC Channel connectivity state changed to 0
[2026-07-27 03:17:55.212][info] Disconnected from the daemon
[2026-07-27 03:17:55.374][error] Child process of type Utility exited with exit code 15 due to killed
[2026-07-27 03:17:55.423][error] Render process exited with exit code 0 due to clean-exit
[2026-07-27 03:17:55.423][info] before-quit received
[2026-07-27 03:17:55.423][info] Quit initiated
